// Jest Snapshot v1, https://goo.gl/fbAQLP

exports[`HomePage should render HomePage 1`] = `
<div>
  <div
    class="login"
  >
    <button
      class="sc-bdfBwQ brfkKw"
      type="submit"
    >
      Login to spotify
    </button>
  </div>
</div>
`;
